---
source: garde_derive_tests/tests/credit_card.rs
expression: snapshot
---
Test {
    field: "zduhefljsdfKJKJZHUI",
}
value.field: not a valid credit card number: invalid format

Test {
    field: "5236313877109141",
}
value.field: not a valid credit card number: invalid luhn


