---
source: garde_derive_tests/tests/email.rs
expression: snapshot
---
Test {
    field: "invalid.com",
}
value.field: not a valid email: value is missing `@`


