---
source: garde_derive_tests/tests/./rules/alphanumeric.rs
expression: snapshot
---
Test {
    field: "!!!!",
}
value.field: not alphanumeric


