---
source: garde_derive_tests/tests/./rules/range.rs
expression: snapshot
---
Test {
    field: 9,
}
value.field: lower than 10

Test {
    field: 101,
}
value.field: greater than 100


