---
source: garde_derive_tests/tests/ascii.rs
expression: snapshot
---
Test {
    field: "ğŸ˜‚",
}
`field` is not ascii


