---
source: garde_derive_tests/tests/custom.rs
expression: snapshot
---
Test {
    a: "asdf",
    b: "asdf",
}
`a` is not equal to test`b` is not equal to test


