---
source: garde_derive_tests/tests/ip.rs
expression: snapshot
---
TestIpV4 {
    field: "256.1.1.1",
}
`field` is not a valid IPv4 address

TestIpV4 {
    field: "25.1.1.",
}
`field` is not a valid IPv4 address

TestIpV4 {
    field: "25,1,1,1",
}
`field` is not a valid IPv4 address

TestIpV4 {
    field: "25.1 .1.1",
}
`field` is not a valid IPv4 address

TestIpV4 {
    field: "1.1.1.1\n",
}
`field` is not a valid IPv4 address

TestIpV4 {
    field: "٧.2٥.3٣.243",
}
`field` is not a valid IPv4 address


