---
source: garde_derive_tests/tests/ip.rs
expression: snapshot
---
TestIpV6 {
    field: "foo",
}
`field` is not a valid IPv6 address

TestIpV6 {
    field: "127.0.0.1",
}
`field` is not a valid IPv6 address

TestIpV6 {
    field: "12345::",
}
`field` is not a valid IPv6 address

TestIpV6 {
    field: "1::2::3::4",
}
`field` is not a valid IPv6 address

TestIpV6 {
    field: "1::zzz",
}
`field` is not a valid IPv6 address

TestIpV6 {
    field: "1:2",
}
`field` is not a valid IPv6 address

TestIpV6 {
    field: "fe80::223: 6cff:fe8a:2e8a",
}
`field` is not a valid IPv6 address

TestIpV6 {
    field: "2a02::223:6cff :fe8a:2e8a",
}
`field` is not a valid IPv6 address

TestIpV6 {
    field: "::ffff:999.42.16.14",
}
`field` is not a valid IPv6 address

TestIpV6 {
    field: "::ffff:zzzz:0a0a",
}
`field` is not a valid IPv6 address


