---
source: garde_derive_tests/tests/pattern.rs
expression: snapshot
---
Test {
    field: "dcba",
}
`field` does not match pattern /^abcd|efgh$/

Test {
    field: "hgfe",
}
`field` does not match pattern /^abcd|efgh$/


