---
source: garde_derive_tests/tests/prefix.rs
expression: snapshot
---
Test {
    field: "a",
}
`field` does not begin with "test"

Test {
    field: "_test",
}
`field` does not begin with "test"


