---
source: garde_derive_tests/tests/suffix.rs
expression: snapshot
---
Test {
    field: "a",
}
field does not end with "test"

Test {
    field: "test_",
}
field does not end with "test"


