---
source: garde_derive_tests/tests/url.rs
expression: snapshot
---
Struct {
    field: "asdf",
}
`field` is not a valid url: relative URL without a base


