---
source: garde_derive_tests/tests/url.rs
expression: snapshot
---
Tuple(
    "htt ps://www.youtube.com/watch?v=dQw4w9WgXcQ",
)
`test` is not a valid url: relative URL without a base


