---
source: garde_derive_tests/tests/contains.rs
expression: snapshot
---
Test {
    field: "_____",
}
value.field: does not contain "test"


