---
source: garde_derive_tests/tests/multi_rule.rs
expression: snapshot
---
Test {
    field: "text which does not begin with `test`",
}
value.field: value does not begin with "test"

Test {
    field: "non-ascii ðŸ˜‚ðŸ˜‚ðŸ˜‚",
}
value.field: not ascii
value.field: value does not begin with "test"

Test {
    field: "aaaaaaaaa",
}
value.field: length is lower than 10
value.field: value does not begin with "test"

Test {
    field: "aaaaaaaaaaaaaaaaaaaaaaaaaaaaaaaaaaaaaaaaaaaaaaaaaaaaaaaaaaaaaaaaaaaaaaaaaaaaaaaaaaaaaaaaaaaaaaaaaaaaa",
}
value.field: length is greater than 100
value.field: value does not begin with "test"


