---
source: garde_derive_tests/tests/./rules/suffix.rs
expression: snapshot
---
Test {
    field: "a",
}
value.field: does not end with "test"

Test {
    field: "test_",
}
value.field: does not end with "test"


