---
source: garde_derive_tests/tests/./rules/ascii.rs
expression: snapshot
---
Test {
    field: "ğŸ˜‚",
}
value.field: not ascii


