---
source: garde_derive_tests/tests/./rules/pattern.rs
expression: snapshot
---
Test {
    field: "dcba",
}
value.field: does not match pattern /^abcd|efgh$/

Test {
    field: "hgfe",
}
value.field: does not match pattern /^abcd|efgh$/


